C51 COMPILER V9.56.0.0   51_UART_RECEIVE                                                   06/04/2018 19:10:37 PAGE 1   


C51 COMPILER V9.56.0.0, COMPILATION OF MODULE 51_UART_RECEIVE
OBJECT MODULE PLACED IN 51_uart_receive.OBJ
COMPILER INVOKED BY: D:\软件\KEIL 5\C51\BIN\C51.EXE 51_uart_receive.c OPTIMIZE(8,SPEED) BROWSE DEBUG OBJECTEXTEND

line level    source

   1          
   2          /*******************************************************************************
   3           文件名  ： 串口接收试验.c
   4           作者    ：     陈志同  刘晓哲  张紫豪
   5           编写时间： 2017年5月27日
   6           描述    :  该文件实现通过单片机从单片机接收数据。
   7                       该试验使用的晶振是11.0592MHz
   8          ***********************************************************************/
   9          
  10          #include<stc15.h>
  11          #include<intrins.h>
  12          
  13          #define uchar unsigned char
  14          #define uint  unsigned int
  15          
  16          uchar uart_receive_buffer[30];  //从串口接收的数据
  17          uchar uart_receive_number = 0;    //指示串口接收个数
  18          uchar num = 0;
  19          uchar uart_receive_data = 0;
  20          char k;
  21          
  22          char code text[6][25]=
  23                  {
  24                          {"[v10][m5]1号餐桌需要服务\0"},
  25                          {"[v10][m5]2号餐桌需要服务\0"},
  26                          {"[v10][m5]3号餐桌点餐\0"},
  27                          {"[v10][m5]3号餐桌酒水\0"},
  28                          {"[v10][m5]3号餐桌催菜\0"},
  29                          {"[v10][m5]3号餐桌买单\0"}
  30                  };
  31          
  32          uchar code disc[7][17]=
  33                  {
  34                          {"餐厅无线呼叫系统\0"},
  35                          {"1 号餐桌需要服务\0"},
  36                          {"2 号餐桌需要服务\0"},
  37                          {"3 号餐桌    点餐\0"},
  38                          {"3 号餐桌    酒水\0"},
  39                          {"3 号餐桌    催菜\0"},
  40                          {"3 号餐桌    买单\0"}
  41                  };
  42          extern void delay_1ms(uint x);
  43          extern void voice(char code *text);
  44          extern void delay_1ms(uint x);
  45          extern void lcd_init();
  46          extern void lcd_write(unsigned char line, unsigned char code * dis) reentrant;
  47          extern void INT0_ISR();
  48          
  49          
  50          /********************************************************************
  51          * 名称 : Com_Int()
  52          * 功能 : 串口中断子函数
  53          * 输入 : 无 * 输出 : 无
  54          ***********************************************************************/
  55          void Com2_Int(void) interrupt 8
C51 COMPILER V9.56.0.0   51_UART_RECEIVE                                                   06/04/2018 19:10:37 PAGE 2   

  56          {
  57   1              char i = 0;
  58   1              char flag = 0;
  59   1              if(S2CON & 0x01)        //当硬件接收到一个数据时，S2RI会置位
  60   1              {  
  61   2              S2CON &= 0xFE;
  62   2                      uart_receive_data = S2BUF;
  63   2      
  64   2                      for(i = 0; i < uart_receive_number; i++)
  65   2                      {
  66   3                              if(uart_receive_data == uart_receive_buffer[i])
  67   3                                      {
  68   4                                              flag = 1;
  69   4                                              break;
  70   4                                      }
  71   3                      }
  72   2                      if (!flag)
  73   2                      {
  74   3                      uart_receive_buffer[uart_receive_number] = uart_receive_data; 
  75   3                      uart_receive_number++;
  76   3                      }
  77   2              }
  78   1        
  79   1      }
  80          
  81          void display() reentrant
  82          {
  83   1              while(!uart_receive_number);
  84   1              if(uart_receive_number) 
  85   1              {               
  86   2                      for(num = 0,k = 2;(num<uart_receive_number) && (num<3);num++,k++)
  87   2                      {
  88   3                              lcd_write(k,disc[uart_receive_buffer[num]]);                            
  89   3                       //串口有数据时，可以执行数据
  90   3                      }
  91   2              
  92   2               }
  93   1      }
  94          
  95          void voice_all()
  96          {
  97   1              if(uart_receive_number) 
  98   1              {
  99   2                      
 100   2                      for(num = 0,k = 2;(num<uart_receive_number) && (num<3);num++,k++)
 101   2                      {                                       
 102   3                              voice(text[uart_receive_buffer[num]-1]);
 103   3                              delay_1ms(12000);                                               
 104   3                       //串口有数据时，可以执行数据
 105   3                      }
 106   2              
 107   2               }
 108   1      }


MODULE INFORMATION:   STATIC OVERLAYABLE
   CODE SIZE        =    211    ----
   CONSTANT SIZE    =    269    ----
   XDATA SIZE       =   ----    ----
   PDATA SIZE       =   ----    ----
   DATA SIZE        =     34    ----
   IDATA SIZE       =   ----    ----
C51 COMPILER V9.56.0.0   51_UART_RECEIVE                                                   06/04/2018 19:10:37 PAGE 3   

   BIT SIZE         =   ----    ----
END OF MODULE INFORMATION.


C51 COMPILATION COMPLETE.  0 WARNING(S),  0 ERROR(S)
