C51 COMPILER V9.56.0.0   51_UART_RECEIVE                                                   06/09/2017 17:55:11 PAGE 1   


C51 COMPILER V9.56.0.0, COMPILATION OF MODULE 51_UART_RECEIVE
OBJECT MODULE PLACED IN .\Objects\51_uart_receive.obj
COMPILER INVOKED BY: D:\软件\KEIL 5\C51\BIN\C51.EXE 51_uart_receive.c OPTIMIZE(8,SPEED) BROWSE DEBUG OBJECTEXTEND PRINT(
                    -.\Listings\51_uart_receive.lst) OBJECT(.\Objects\51_uart_receive.obj)

line level    source

   1          
   2          /*******************************************************************************
   3           文件名  ： 串口接收试验.c
   4           作者    ：     陈志同  刘晓哲  张紫豪
   5           编写时间： 2017年5月27日
   6           描述    :  该文件实现通过单片机从单片机接收数据。
   7                       该试验使用的晶振是11.0592MHz
   8          ***********************************************************************/
   9          
  10          #include<stc15.h>
  11          #include<intrins.h>
  12          
  13          #define uchar unsigned char
  14          #define uint  unsigned int
  15          
  16          
  17          uchar uart_receive_number=0;    //指示串口接收数据
  18          uchar num = 0;
  19          
  20          extern void delay_1ms(uint x);
  21          
  22          //初始化串口3
  23          void UartInit_1(void)           //9600bps@11.0592MHz
  24          {
  25   1              
  26   1              S3CON = 0x10;   
  27   1              S3CON |= 0x40;  
  28   1              T4T3M |= 0x02;  
  29   1              T3L = 0xE0;             
  30   1              T3H = 0xFE;             
  31   1              T4T3M |= 0x08;  
  32   1              IE2  =0x08;              
  33   1              EA   = 1;
  34   1      
  35   1      }
  36          
  37          /********************************************************************
  38          * 名称 : Com_Int()
  39          * 功能 : 串口中断子函数
  40          * 输入 : 无 * 输出 : 无
  41          ***********************************************************************/
  42          void Com3_Int(void) interrupt 17
  43          {
  44   1        EA = 0;
  45   1        if(S3CON & 0x01){  //当硬件接收到一个数据时，S3RI会置位
  46   2          S3CON &= 0xFE;
  47   2          uart_receive_number = S3BUF;   
  48   2        }
  49   1      
  50   1        EA = 1;
  51   1      }
  52          
  53          void receive()
  54          {
C51 COMPILER V9.56.0.0   51_UART_RECEIVE                                                   06/09/2017 17:55:11 PAGE 2   

  55   1              if(uart_receive_number) 
  56   1              {
  57   2                      if(uart_receive_number == 2)
  58   2                      P04 = 1;          //收到主机的数据，熄灭指示灯
  59   2                      uart_receive_number = 0;
  60   2              
  61   2               }
  62   1      }


MODULE INFORMATION:   STATIC OVERLAYABLE
   CODE SIZE        =     57    ----
   CONSTANT SIZE    =   ----    ----
   XDATA SIZE       =   ----    ----
   PDATA SIZE       =   ----    ----
   DATA SIZE        =      2    ----
   IDATA SIZE       =   ----    ----
   BIT SIZE         =   ----    ----
END OF MODULE INFORMATION.


C51 COMPILATION COMPLETE.  0 WARNING(S),  0 ERROR(S)
